{"status":false,"message":"sql: connection is already closed"}
