{"status":true,"message":"successfully created a new user"}
