{"status":false,"message":"please provide an email address"}
